[
  {
    "Id": {
      "IdGroupName": "JLib.DataGeneration.Examples.Data_Derivations.DataDerivationViaInheritance.CustomerDp",
      "IdName": "CustomerId",
      "Value": "580bdb08-cce0-405b-85f5-ed58d48f0399",
      "IdType": "CustomerId"
    },
    "UserName": "JLib.DataGeneration.Examples.Data_Derivations.DataDerivationViaInheritance.CustomerDp.CustomerId"
  }
]
