{
  "Customers": [
    {
      "Id": {
        "IdGroupName": "JLib.DataGeneration.Examples.Data_Derivations.DataDerivationViaGenerics.CustomerDp:JLib.DataGeneration.Examples.Data_Derivations.DataDerivationViaGenerics.CustomerDpb",
        "IdName": "Id",
        "Value": "875e3b39-fa6d-41c5-9c37-3028ed486e86",
        "IdType": "CustomerId"
      },
      "UserName": "JLib.DataGeneration.Examples.Data_Derivations.DataDerivationViaGenerics.CustomerDp:JLib.DataGeneration.Examples.Data_Derivations.DataDerivationViaGenerics.CustomerDpb.Id"
    },
    {
      "Id": {
        "IdGroupName": "JLib.DataGeneration.Examples.Data_Derivations.DataDerivationViaGenerics.OtherCustomerDp:JLib.DataGeneration.Examples.Data_Derivations.DataDerivationViaGenerics.CustomerDpb",
        "IdName": "Id",
        "Value": "5f7ee886-25d3-42fb-bc12-e9e137f363bb",
        "IdType": "CustomerId"
      },
      "UserName": "JLib.DataGeneration.Examples.Data_Derivations.DataDerivationViaGenerics.OtherCustomerDp:JLib.DataGeneration.Examples.Data_Derivations.DataDerivationViaGenerics.CustomerDpb.Id"
    }
  ],
  "Orders": [
    {
      "Id": {
        "IdGroupName": "JLib.DataGeneration.Examples.Data_Derivations.DataDerivationViaGenerics.OrderDp<JLib.DataGeneration.Examples.Data_Derivations.DataDerivationViaGenerics.CustomerDp>",
        "IdName": "Id",
        "Value": "ea4c86cb-2f9d-4210-ad50-d71b20d03417",
        "IdType": "OrderId"
      },
      "CustomerId": {
        "IdGroupName": "JLib.DataGeneration.Examples.Data_Derivations.DataDerivationViaGenerics.CustomerDp:JLib.DataGeneration.Examples.Data_Derivations.DataDerivationViaGenerics.CustomerDpb",
        "IdName": "Id",
        "Value": "875e3b39-fa6d-41c5-9c37-3028ed486e86",
        "IdType": "CustomerId"
      },
      "Status": "Fulfilled"
    },
    {
      "Id": {
        "IdGroupName": "JLib.DataGeneration.Examples.Data_Derivations.DataDerivationViaGenerics.OrderDp<JLib.DataGeneration.Examples.Data_Derivations.DataDerivationViaGenerics.OtherCustomerDp>",
        "IdName": "Id",
        "Value": "650311c7-47fa-4827-89ea-861dc7166ffd",
        "IdType": "OrderId"
      },
      "CustomerId": {
        "IdGroupName": "JLib.DataGeneration.Examples.Data_Derivations.DataDerivationViaGenerics.OtherCustomerDp:JLib.DataGeneration.Examples.Data_Derivations.DataDerivationViaGenerics.CustomerDpb",
        "IdName": "Id",
        "Value": "5f7ee886-25d3-42fb-bc12-e9e137f363bb",
        "IdType": "CustomerId"
      },
      "Status": "Fulfilled"
    }
  ]
}
