{
  "Description": "nested types of TypePackageTests.NestingDemoClass",
  "Types": {
    "JLib.Reflection.Tests": [
      "TypePackageTests.NestingDemoClass.NestedDemoClassA",
      "TypePackageTests.NestingDemoClass.NestedDemoClassB",
      "TypePackageTests.NestingDemoClass.NestedDemoClassC"
    ]
  },
  "Children": []
}
