{
  "Description": "2 Assemblies and 3 types",
  "Types": {
    "JLib.Reflection.Tests": [
      "TypePackageTests.DemoClassA",
      "TypePackageTests.DemoClassB",
      "TypePackageTests.DemoClassC"
    ]
  },
  "Children": [
    {
      "Description": "JLib.Reflection.Tests.DemoAssembly1",
      "Types": {
        "JLib.Reflection.Tests.DemoAssembly1": [
          "TestAssemblyDemoClassA",
          "TestAssemblyDemoClassB",
          "TestAssemblyDemoClassC"
        ]
      },
      "Children": []
    },
    {
      "Description": "JLib.Reflection.Tests.DemoAssembly2",
      "Types": {
        "JLib.Reflection.Tests.DemoAssembly2": [
          "TestAssembly2DemoClassA",
          "TestAssembly2DemoClassB",
          "TestAssembly2DemoClassC"
        ]
      },
      "Children": []
    }
  ]
}
