{
  "Parameters": {
    "TestName": "RepoR_ProvRw",
    "ExpectedBehavior": [
      "  Provided:                                                                                                                 ",
      "    DataProvider         : Read Write                                                                                       ",
      "    Repository           : Read Only                                                                                        ",
      "  Expected Error:                                                                                                           ",
      "    An error which tells you to either force ReadOnly on the DataProvider or implement IDataProviderRw on the Repository    "
    ],
    "includedTypes": [
      "JLib.DataProvider.Tests.AddDataProvider.AddDataProviderTests.TestCommandEntity",
      "JLib.DataProvider.Tests.AddDataProvider.AddDataProviderTests.TestDataProviderRw<>",
      "JLib.DataProvider.Tests.AddDataProvider.AddDataProviderTests.TestRepositoryR"
    ]
  },
  "exception": {
    "Type": "JLib.Exceptions.JLibAggregateException",
    "MessageLines": [
      "AddDataProviderTests"
    ],
    "InnerExceptions": [
      {
        "Type": "JLib.Exceptions.JLibAggregateException",
        "MessageLines": [
          "Service Factory"
        ],
        "InnerExceptions": [
          {
            "Type": "JLib.Exceptions.JLibAggregateException",
            "MessageLines": [
              "AddDataProvider"
            ],
            "InnerExceptions": [
              {
                "Type": "JLib.Exceptions.JLibAggregateException",
                "MessageLines": [
                  "CommandEntityType"
                ],
                "InnerExceptions": [
                  {
                    "Type": "JLib.Exceptions.InvalidSetupException",
                    "MessageLines": [
                      "The data provider Implementation JLib.DataProvider.Tests.AddDataProvider.AddDataProviderTests.TestDataProviderRw<JLib.DataProvider.Tests.AddDataProvider.AddDataProviderTests.TestCommandEntity> can write data but the Repository JLib.DataProvider.Tests.AddDataProvider.AddDataProviderTests.TestRepositoryR can not. ",
                      "Force the dataProvider to be ReadOnly or Implement IDataProviderRw with the repository."
                    ],
                    "InnerExceptions": []
                  }
                ]
              }
            ]
          }
        ]
      }
    ]
  },
  "cache": "disabled",
  "services": "disabled"
}
