{
  "Parameters": {
    "TestName": "RepoRw_ProvRw",
    "ExpectedBehavior": [
      "  Provided:                                ",
      "    DataProvider         : Read Write      ",
      "    Repository           : Read Write      ",
      "  Expected Implementations:                ",
      "    IDataProviderR       : Repository      ",
      "    IDataProviderRw      : Repository      ",
      "    ISourceDataProviderR : DataProvider    ",
      "    ISourceDataProviderRw: DataProvider    "
    ],
    "includedTypes": [
      "JLib.DataProvider.Tests.AddDataProvider.AddDataProviderTests.TestCommandEntity",
      "JLib.DataProvider.Tests.AddDataProvider.AddDataProviderTests.TestDataProviderRw<>",
      "JLib.DataProvider.Tests.AddDataProvider.AddDataProviderTests.TestRepositoryRw"
    ]
  },
  "exception": null,
  "cache": {
    "JLib.DataProvider": {
      "JLib.DataProvider.SourceDataProviderType": [
        "JLib.DataProvider.CastDataProviderR<>",
        "JLib.DataProvider.InMemoryDataProvider<>"
      ]
    },
    "JLib.DataProvider.Tests.AddDataProvider": {
      "JLib.Cqrs.CommandEntityType": [
        "JLib.DataProvider.Tests.AddDataProvider.AddDataProviderTests.TestCommandEntity"
      ],
      "JLib.DataProvider.RepositoryType": [
        "JLib.DataProvider.Tests.AddDataProvider.AddDataProviderTests.TestRepositoryRw"
      ],
      "JLib.DataProvider.SourceDataProviderType": [
        "JLib.DataProvider.Tests.AddDataProvider.AddDataProviderTests.TestDataProviderRw<>"
      ]
    }
  },
  "services": {
    "JLib.DataProvider.Tests.AddDataProvider.AddDataProviderTests.TestCommandEntity": {
      "JLib.DataProvider.IDataProviderR<>": [
        {
          "Lifetime": "Scoped",
          "ImplementationSource": "Factory",
          "ServiceType": "JLib.DataProvider.IDataProviderR<>",
          "ServiceArguments": [
            "JLib.DataProvider.Tests.AddDataProvider.AddDataProviderTests.TestCommandEntity"
          ],
          "ImplementationType": "JLib.DataProvider.Tests.AddDataProvider.AddDataProviderTests.TestRepositoryRw",
          "ImplementationTypeArguments": []
        }
      ],
      "JLib.DataProvider.IDataProviderRw<>": [
        {
          "Lifetime": "Scoped",
          "ImplementationSource": "Factory",
          "ServiceType": "JLib.DataProvider.IDataProviderRw<>",
          "ServiceArguments": [
            "JLib.DataProvider.Tests.AddDataProvider.AddDataProviderTests.TestCommandEntity"
          ],
          "ImplementationType": "JLib.DataProvider.Tests.AddDataProvider.AddDataProviderTests.TestRepositoryRw",
          "ImplementationTypeArguments": []
        }
      ],
      "JLib.DataProvider.ISourceDataProviderR<>": [
        {
          "Lifetime": "Scoped",
          "ImplementationSource": "Factory",
          "ServiceType": "JLib.DataProvider.ISourceDataProviderR<>",
          "ServiceArguments": [
            "JLib.DataProvider.Tests.AddDataProvider.AddDataProviderTests.TestCommandEntity"
          ],
          "ImplementationType": "JLib.DataProvider.Tests.AddDataProvider.AddDataProviderTests.TestDataProviderRw<>",
          "ImplementationTypeArguments": [
            "JLib.DataProvider.Tests.AddDataProvider.AddDataProviderTests.TestCommandEntity"
          ]
        }
      ],
      "JLib.DataProvider.ISourceDataProviderRw<>": [
        {
          "Lifetime": "Scoped",
          "ImplementationSource": "Factory",
          "ServiceType": "JLib.DataProvider.ISourceDataProviderRw<>",
          "ServiceArguments": [
            "JLib.DataProvider.Tests.AddDataProvider.AddDataProviderTests.TestCommandEntity"
          ],
          "ImplementationType": "JLib.DataProvider.Tests.AddDataProvider.AddDataProviderTests.TestDataProviderRw<>",
          "ImplementationTypeArguments": [
            "JLib.DataProvider.Tests.AddDataProvider.AddDataProviderTests.TestCommandEntity"
          ]
        }
      ],
      "JLib.DataProvider.Tests.AddDataProvider.AddDataProviderTests.TestDataProviderRw<>": [
        {
          "Lifetime": "Scoped",
          "ImplementationSource": "Type",
          "ServiceType": "JLib.DataProvider.Tests.AddDataProvider.AddDataProviderTests.TestDataProviderRw<>",
          "ServiceArguments": [
            "JLib.DataProvider.Tests.AddDataProvider.AddDataProviderTests.TestCommandEntity"
          ],
          "ImplementationType": "JLib.DataProvider.Tests.AddDataProvider.AddDataProviderTests.TestDataProviderRw<>",
          "ImplementationTypeArguments": [
            "JLib.DataProvider.Tests.AddDataProvider.AddDataProviderTests.TestCommandEntity"
          ]
        }
      ]
    },
    "non-generic": {
      "JLib.DataProvider.Tests.AddDataProvider.AddDataProviderTests.TestRepositoryRw": [
        {
          "Lifetime": "Scoped",
          "ImplementationSource": "Type",
          "ServiceType": "JLib.DataProvider.Tests.AddDataProvider.AddDataProviderTests.TestRepositoryRw",
          "ServiceArguments": [],
          "ImplementationType": "JLib.DataProvider.Tests.AddDataProvider.AddDataProviderTests.TestRepositoryRw",
          "ImplementationTypeArguments": []
        }
      ],
      "JLib.Reflection.ITypeCache": [
        {
          "Lifetime": "Singleton",
          "ImplementationSource": "Instance",
          "ServiceType": "JLib.Reflection.ITypeCache",
          "ServiceArguments": [],
          "ImplementationType": "JLib.Reflection.TypeCache",
          "ImplementationTypeArguments": []
        }
      ]
    }
  }
}
