{
  "Customers": {
    "CustomerId { Value = fa731a95-88ba-4c40-84e1-646a19b90a19 }": {
      "Id": {
        "Value": "fa731a95-88ba-4c40-84e1-646a19b90a19"
      },
      "UserName": "Customer"
    }
  },
  "Orders": {
    "OrderId { Value = 53bd39eb-7e3d-4cca-b787-2bc9b9236885 }": {
      "Id": {
        "Value": "53bd39eb-7e3d-4cca-b787-2bc9b9236885"
      },
      "Customer": {
        "Value": "fa731a95-88ba-4c40-84e1-646a19b90a19"
      },
      "Status": "Cart"
    }
  },
  "OrderItems": {
    "OrderItemId { Value = f8a0823f-897c-4e83-b933-655406a607ef }": {
      "Id": {
        "Value": "f8a0823f-897c-4e83-b933-655406a607ef"
      },
      "OrderId": {
        "Value": "53bd39eb-7e3d-4cca-b787-2bc9b9236885"
      },
      "ArticleId": {
        "Value": "ee0b93d5-1ef6-4348-ad29-cad24e3608aa"
      },
      "Quantity": 2,
      "Price": 10.0
    },
    "OrderItemId { Value = 657a9f09-cfb4-4588-8bf1-31e84ea51241 }": {
      "Id": {
        "Value": "657a9f09-cfb4-4588-8bf1-31e84ea51241"
      },
      "OrderId": {
        "Value": "53bd39eb-7e3d-4cca-b787-2bc9b9236885"
      },
      "ArticleId": {
        "Value": "2efaa841-9510-4d58-999f-79025a04f001"
      },
      "Quantity": 2,
      "Price": 20.0
    },
    "OrderItemId { Value = d33ed2d8-67cf-4cd5-a351-dd2ad79596b9 }": {
      "Id": {
        "Value": "d33ed2d8-67cf-4cd5-a351-dd2ad79596b9"
      },
      "OrderId": {
        "Value": "53bd39eb-7e3d-4cca-b787-2bc9b9236885"
      },
      "ArticleId": {
        "Value": "cc50fcb8-b700-45d8-bdbf-0f75dc59fe6d"
      },
      "Quantity": 10,
      "Price": 30.0
    }
  },
  "Articles": {
    "ArticleId { Value = ee0b93d5-1ef6-4348-ad29-cad24e3608aa }": {
      "Id": {
        "Value": "ee0b93d5-1ef6-4348-ad29-cad24e3608aa"
      },
      "Name": "firstArticle",
      "Price": 10.0
    },
    "ArticleId { Value = 2efaa841-9510-4d58-999f-79025a04f001 }": {
      "Id": {
        "Value": "2efaa841-9510-4d58-999f-79025a04f001"
      },
      "Name": "secondArticle",
      "Price": 20.2
    },
    "ArticleId { Value = cc50fcb8-b700-45d8-bdbf-0f75dc59fe6d }": {
      "Id": {
        "Value": "cc50fcb8-b700-45d8-bdbf-0f75dc59fe6d"
      },
      "Name": "thirdArticle",
      "Price": 30.0
    },
    "ArticleId { Value = b9963662-7fe2-4f7b-b20e-0d3feda5b76b }": {
      "Id": {
        "Value": "b9963662-7fe2-4f7b-b20e-0d3feda5b76b"
      },
      "Name": "fourthArticle",
      "Price": 40.4
    }
  },
  "Carts": {
    "CustomerId { Value = fa731a95-88ba-4c40-84e1-646a19b90a19 }": {
      "Value": "53bd39eb-7e3d-4cca-b787-2bc9b9236885"
    }
  }
}
