{
  "TargetSite": null,
  "Message": "test\r\n\u251C\u2500 Inner Exceptions\r\n\u2502  \u251C\u2500 1 Exception\r\n\u2502  \u2502  \u251C\u2500 content\r\n\u2502  \u2502  \u2502  \r\n\r\n",
  "Data": {},
  "InnerException": {
    "TargetSite": null,
    "Message": "content",
    "Data": {},
    "InnerException": null,
    "HelpLink": null,
    "Source": null,
    "HResult": -2146233088,
    "StackTrace": null
  },
  "HelpLink": null,
  "Source": null,
  "HResult": -2146233088,
  "StackTrace": null
}
