{
  "Message": "test",
  "3 Exception": [
    "ex",
    {
      "Message": "ex2",
      "InnerException": {
        "Message": "inner",
        "InnerException": "inner2"
      }
    },
    "last"
  ],
  "2 JLibAggregateException": [
    {
      "Message": "child",
      "2 Exception": [
        "child ex",
        {
          "Message": "child ex 2",
          "InnerException": "child ex inner"
        }
      ],
      "2 JLibAggregateException": [
        {
          "Message": "inner3",
          "Exception": [
            "sub child",
            "second line"
          ]
        },
        {
          "Message": "inner3",
          "Exception": "sub child2\nsecond line2 with \\n"
        }
      ]
    },
    {
      "Message": "last child",
      "Exception": "last child exception"
    }
  ]
}
