{
  "Parameters": {
    "TestName": "NoRepo_ProvIr",
    "ExpectedBehavior": [
      "  Provided:                                                                              ",
      "    DataProvider         : Invalid ReadOnly                                              ",
      "    Repository           : -                                                             ",
      "  Expected Exception:                                                                    ",
      "    An exception which tells the user to implement the ISourceDataProviderR Interface    "
    ],
    "includedTypes": [
      "JLib.Tests.Reflection.ServiceCollection.AddDataProvider.AddDataProviderTests.TestCommandEntity",
      "JLib.Tests.Reflection.ServiceCollection.AddDataProvider.AddDataProviderTests.TestInvalidDataProviderR<>"
    ]
  },
  "exception": {
    "Type": "JLib.Exceptions.JLibAggregateException",
    "Message": "AddDataProviderTests",
    "InnerExceptions": [
      {
        "Type": "JLib.Exceptions.JLibAggregateException",
        "Message": "Cache setup failed",
        "InnerExceptions": [
          {
            "Type": "JLib.Exceptions.JLibAggregateException",
            "Message": "Type validation failed",
            "InnerExceptions": [
              {
                "Type": "JLib.Exceptions.InvalidTypeException",
                "Message": "Error while initializing SourceDataProviderType with JLib.Tests.Reflection.ServiceCollection.AddDataProvider.AddDataProviderTests.TestInvalidDataProviderR<>: Should implement JLib.Data.ISourceDataProviderR<>"
              }
            ]
          }
        ]
      }
    ]
  },
  "cache": "disabled",
  "services": "disabled"
}
