{
  "Parameters": {
    "TestName": "NoRepo_ProvIr",
    "ExpectedBehavior": [
      "  Provided:                                                                              ",
      "    DataProvider         : Invalid ReadOnly                                              ",
      "    Repository           : -                                                             ",
      "  Expected Exception:                                                                    ",
      "    An exception which tells the user to implement the ISourceDataProviderR Interface    "
    ],
    "includedTypes": [
      "JLib.Tests.Reflection.ServiceCollection.AddDataProvider.AddDataProviderTests.TestCommandEntity",
      "JLib.Tests.Reflection.ServiceCollection.AddDataProvider.AddDataProviderTests.TestInvalidDataProviderR<>"
    ]
  },
  "exception": {
    "Type": "JLib.Exceptions.JLibAggregateException",
    "Message": [
      "AddDataProviderTests"
    ],
    "InnerExceptions": [
      {
        "Type": "JLib.Exceptions.JLibAggregateException",
        "Message": [
          "Cache setup failed"
        ],
        "InnerExceptions": [
          {
            "Type": "JLib.Exceptions.JLibAggregateException",
            "Message": [
              "JLib.Tests.Reflection.ServiceCollection.AddDataProvider.AddDataProviderTests.TestInvalidDataProviderR<> is not a valid JLib.Reflection.SourceDataProviderType"
            ],
            "InnerExceptions": [
              {
                "Type": "JLib.Exceptions.InvalidTypeException",
                "message": [
                  "Should implement any JLib.Data.ISourceDataProviderR<>"
                ]
              }
            ]
          }
        ]
      }
    ]
  },
  "cache": "disabled",
  "services": "disabled"
}
