┐2 Assemblies and 0 types
├ Types:0
├ Children:
  ┐JLib.Tests.Reflection.DemoAssembly, Version=0.0.0.0, Culture=neutral, PublicKeyToken=null
  ├ Types:3
  │   TestAssemblyDemoClassA
  │   TestAssemblyDemoClassB
  │   TestAssemblyDemoClassC
  ┐JLib.Tests.Reflection.DemoAssembly2, Version=0.0.0.0, Culture=neutral, PublicKeyToken=null
  ├ Types:3
  │   TestAssembly2DemoClassA
  │   TestAssembly2DemoClassB
  │   TestAssembly2DemoClassC
