{
  "Parameters": {
    "TestName": "NoRepo_ProvInvInt",
    "ExpectedBehavior": [
      "  Provided:                                                                               ",
      "    DataProvider         : Invalid Interfaces                                             ",
      "    Repository           : None                                                           ",
      "  Expected Error:                                                                         ",
      "    An error which tells the user that this combination of interfaces is not supported    "
    ],
    "includedTypes": [
      "JLib.Tests.TestCommandEntity",
      "JLib.Tests.TestInvalidInterfaceDataProvider<>"
    ]
  },
  "exception": {
    "Type": "JLib.Exceptions.JLibAggregateException",
    "Message": "TypeCacheTests",
    "InnerExceptions": [
      {
        "Type": "JLib.Exceptions.JLibAggregateException",
        "Message": "Setup",
        "InnerExceptions": [
          {
            "Type": "JLib.Exceptions.JLibAggregateException",
            "Message": "Cache setup failed",
            "InnerExceptions": [
              {
                "Type": "JLib.Exceptions.JLibAggregateException",
                "Message": "Type validation failed",
                "InnerExceptions": [
                  {
                    "Type": "JLib.Exceptions.InvalidTypeException",
                    "Message": "Error while initializing SourceDataProviderType with JLib.Tests.TestInvalidInterfaceDataProvider<>: Should implement JLib.Data.ISourceDataProviderRw<>"
                  }
                ]
              }
            ]
          }
        ]
      }
    ]
  },
  "cache": "disabled",
  "services": "disabled"
}
